[0.161s] DEBUG:colcon:Command line arguments: ['/usr/bin/colcon', 'build', '--packages-select', 'pa_warehouse_status']
[0.162s] DEBUG:colcon:Parsed command line arguments: Namespace(log_base=None, log_level=None, verb_name='build', build_base='build', install_base='install', merge_install=False, symlink_install=False, test_result_base=None, continue_on_error=False, executor='parallel', parallel_workers=16, event_handlers=None, ignore_user_meta=False, metas=['./colcon.meta'], base_paths=['.'], packages_ignore=None, packages_ignore_regex=None, paths=None, packages_up_to=None, packages_up_to_regex=None, packages_above=None, packages_above_and_dependencies=None, packages_above_depth=None, packages_select_by_dep=None, packages_skip_by_dep=None, packages_skip_up_to=None, packages_select_build_failed=False, packages_skip_build_finished=False, packages_select_test_failures=False, packages_skip_test_passed=False, packages_select=['pa_warehouse_status'], packages_skip=None, packages_select_regex=None, packages_skip_regex=None, packages_start=None, packages_end=None, cmake_args=None, cmake_target=None, cmake_target_skip_unavailable=False, cmake_clean_cache=False, cmake_clean_first=False, cmake_force_configure=False, ament_cmake_args=None, catkin_cmake_args=None, catkin_skip_building_tests=False, verb_parser=<colcon_defaults.argument_parser.defaults.DefaultArgumentsDecorator object at 0x7cfa1ddecf20>, verb_extension=<colcon_core.verb.build.BuildVerb object at 0x7cfa1ddcb110>, main=<bound method BuildVerb.main of <colcon_core.verb.build.BuildVerb object at 0x7cfa1ddcb110>>)
[0.204s] Level 1:colcon.colcon_core.package_discovery:discover_packages(colcon_meta) check parameters
[0.204s] Level 1:colcon.colcon_core.package_discovery:discover_packages(recursive) check parameters
[0.204s] Level 1:colcon.colcon_core.package_discovery:discover_packages(ignore) check parameters
[0.204s] Level 1:colcon.colcon_core.package_discovery:discover_packages(path) check parameters
[0.204s] Level 1:colcon.colcon_core.package_discovery:discover_packages(colcon_meta) discover
[0.204s] Level 1:colcon.colcon_core.package_discovery:discover_packages(recursive) discover
[0.204s] INFO:colcon.colcon_core.package_discovery:Crawling recursively for packages in '/home/aidan/workspace/irs_ws'
[0.204s] Level 1:colcon.colcon_core.package_identification:_identify(.) by extensions ['ignore', 'ignore_ament_install']
[0.205s] Level 1:colcon.colcon_core.package_identification:_identify(.) by extension 'ignore'
[0.205s] Level 1:colcon.colcon_core.package_identification:_identify(.) by extension 'ignore_ament_install'
[0.205s] Level 1:colcon.colcon_core.package_identification:_identify(.) by extensions ['colcon_pkg']
[0.205s] Level 1:colcon.colcon_core.package_identification:_identify(.) by extension 'colcon_pkg'
[0.205s] Level 1:colcon.colcon_core.package_identification:_identify(.) by extensions ['colcon_meta']
[0.205s] Level 1:colcon.colcon_core.package_identification:_identify(.) by extension 'colcon_meta'
[0.205s] Level 1:colcon.colcon_core.package_identification:_identify(.) by extensions ['ros']
[0.205s] Level 1:colcon.colcon_core.package_identification:_identify(.) by extension 'ros'
[0.229s] Level 1:colcon.colcon_core.package_identification:_identify(.) by extensions ['cmake', 'python']
[0.229s] Level 1:colcon.colcon_core.package_identification:_identify(.) by extension 'cmake'
[0.229s] Level 1:colcon.colcon_core.package_identification:_identify(.) by extension 'python'
[0.229s] Level 1:colcon.colcon_core.package_identification:_identify(.) by extensions ['python_setup_py']
[0.229s] Level 1:colcon.colcon_core.package_identification:_identify(.) by extension 'python_setup_py'
[0.229s] Level 1:colcon.colcon_core.package_identification:_identify(build) by extensions ['ignore', 'ignore_ament_install']
[0.229s] Level 1:colcon.colcon_core.package_identification:_identify(build) by extension 'ignore'
[0.229s] Level 1:colcon.colcon_core.package_identification:_identify(build) ignored
[0.229s] Level 1:colcon.colcon_core.package_identification:_identify(install) by extensions ['ignore', 'ignore_ament_install']
[0.229s] Level 1:colcon.colcon_core.package_identification:_identify(install) by extension 'ignore'
[0.230s] Level 1:colcon.colcon_core.package_identification:_identify(install) ignored
[0.230s] Level 1:colcon.colcon_core.package_identification:_identify(log) by extensions ['ignore', 'ignore_ament_install']
[0.230s] Level 1:colcon.colcon_core.package_identification:_identify(log) by extension 'ignore'
[0.230s] Level 1:colcon.colcon_core.package_identification:_identify(log) ignored
[0.230s] Level 1:colcon.colcon_core.package_identification:_identify(src) by extensions ['ignore', 'ignore_ament_install']
[0.230s] Level 1:colcon.colcon_core.package_identification:_identify(src) by extension 'ignore'
[0.230s] Level 1:colcon.colcon_core.package_identification:_identify(src) by extension 'ignore_ament_install'
[0.230s] Level 1:colcon.colcon_core.package_identification:_identify(src) by extensions ['colcon_pkg']
[0.230s] Level 1:colcon.colcon_core.package_identification:_identify(src) by extension 'colcon_pkg'
[0.230s] Level 1:colcon.colcon_core.package_identification:_identify(src) by extensions ['colcon_meta']
[0.230s] Level 1:colcon.colcon_core.package_identification:_identify(src) by extension 'colcon_meta'
[0.230s] Level 1:colcon.colcon_core.package_identification:_identify(src) by extensions ['ros']
[0.230s] Level 1:colcon.colcon_core.package_identification:_identify(src) by extension 'ros'
[0.230s] Level 1:colcon.colcon_core.package_identification:_identify(src) by extensions ['cmake', 'python']
[0.230s] Level 1:colcon.colcon_core.package_identification:_identify(src) by extension 'cmake'
[0.230s] Level 1:colcon.colcon_core.package_identification:_identify(src) by extension 'python'
[0.230s] Level 1:colcon.colcon_core.package_identification:_identify(src) by extensions ['python_setup_py']
[0.230s] Level 1:colcon.colcon_core.package_identification:_identify(src) by extension 'python_setup_py'
[0.230s] Level 1:colcon.colcon_core.package_identification:_identify(src/IRS_2026_group5) by extensions ['ignore', 'ignore_ament_install']
[0.230s] Level 1:colcon.colcon_core.package_identification:_identify(src/IRS_2026_group5) by extension 'ignore'
[0.230s] Level 1:colcon.colcon_core.package_identification:_identify(src/IRS_2026_group5) by extension 'ignore_ament_install'
[0.230s] Level 1:colcon.colcon_core.package_identification:_identify(src/IRS_2026_group5) by extensions ['colcon_pkg']
[0.230s] Level 1:colcon.colcon_core.package_identification:_identify(src/IRS_2026_group5) by extension 'colcon_pkg'
[0.230s] Level 1:colcon.colcon_core.package_identification:_identify(src/IRS_2026_group5) by extensions ['colcon_meta']
[0.231s] Level 1:colcon.colcon_core.package_identification:_identify(src/IRS_2026_group5) by extension 'colcon_meta'
[0.231s] Level 1:colcon.colcon_core.package_identification:_identify(src/IRS_2026_group5) by extensions ['ros']
[0.231s] Level 1:colcon.colcon_core.package_identification:_identify(src/IRS_2026_group5) by extension 'ros'
[0.231s] Level 1:colcon.colcon_core.package_identification:_identify(src/IRS_2026_group5) by extensions ['cmake', 'python']
[0.231s] Level 1:colcon.colcon_core.package_identification:_identify(src/IRS_2026_group5) by extension 'cmake'
[0.231s] Level 1:colcon.colcon_core.package_identification:_identify(src/IRS_2026_group5) by extension 'python'
[0.231s] Level 1:colcon.colcon_core.package_identification:_identify(src/IRS_2026_group5) by extensions ['python_setup_py']
[0.231s] Level 1:colcon.colcon_core.package_identification:_identify(src/IRS_2026_group5) by extension 'python_setup_py'
[0.231s] Level 1:colcon.colcon_core.package_identification:_identify(src/IRS_2026_group5/pa_warehouse_status) by extensions ['ignore', 'ignore_ament_install']
[0.231s] Level 1:colcon.colcon_core.package_identification:_identify(src/IRS_2026_group5/pa_warehouse_status) by extension 'ignore'
[0.231s] Level 1:colcon.colcon_core.package_identification:_identify(src/IRS_2026_group5/pa_warehouse_status) by extension 'ignore_ament_install'
[0.231s] Level 1:colcon.colcon_core.package_identification:_identify(src/IRS_2026_group5/pa_warehouse_status) by extensions ['colcon_pkg']
[0.231s] Level 1:colcon.colcon_core.package_identification:_identify(src/IRS_2026_group5/pa_warehouse_status) by extension 'colcon_pkg'
[0.231s] Level 1:colcon.colcon_core.package_identification:_identify(src/IRS_2026_group5/pa_warehouse_status) by extensions ['colcon_meta']
[0.231s] Level 1:colcon.colcon_core.package_identification:_identify(src/IRS_2026_group5/pa_warehouse_status) by extension 'colcon_meta'
[0.231s] Level 1:colcon.colcon_core.package_identification:_identify(src/IRS_2026_group5/pa_warehouse_status) by extensions ['ros']
[0.231s] Level 1:colcon.colcon_core.package_identification:_identify(src/IRS_2026_group5/pa_warehouse_status) by extension 'ros'
[0.235s] DEBUG:colcon.colcon_core.package_identification:Package 'src/IRS_2026_group5/pa_warehouse_status' with type 'ros.ament_python' and name 'pa_warehouse_status'
[0.235s] Level 1:colcon.colcon_core.package_discovery:discover_packages(recursive) using defaults
[0.235s] Level 1:colcon.colcon_core.package_discovery:discover_packages(ignore) discover
[0.235s] Level 1:colcon.colcon_core.package_discovery:discover_packages(ignore) using defaults
[0.235s] Level 1:colcon.colcon_core.package_discovery:discover_packages(path) discover
[0.235s] Level 1:colcon.colcon_core.package_discovery:discover_packages(path) using defaults
[0.260s] Level 5:colcon.colcon_core.verb:set package 'pa_warehouse_status' build argument 'cmake_args' from command line to 'None'
[0.260s] Level 5:colcon.colcon_core.verb:set package 'pa_warehouse_status' build argument 'cmake_target' from command line to 'None'
[0.260s] Level 5:colcon.colcon_core.verb:set package 'pa_warehouse_status' build argument 'cmake_target_skip_unavailable' from command line to 'False'
[0.260s] Level 5:colcon.colcon_core.verb:set package 'pa_warehouse_status' build argument 'cmake_clean_cache' from command line to 'False'
[0.260s] Level 5:colcon.colcon_core.verb:set package 'pa_warehouse_status' build argument 'cmake_clean_first' from command line to 'False'
[0.260s] Level 5:colcon.colcon_core.verb:set package 'pa_warehouse_status' build argument 'cmake_force_configure' from command line to 'False'
[0.260s] Level 5:colcon.colcon_core.verb:set package 'pa_warehouse_status' build argument 'ament_cmake_args' from command line to 'None'
[0.260s] Level 5:colcon.colcon_core.verb:set package 'pa_warehouse_status' build argument 'catkin_cmake_args' from command line to 'None'
[0.260s] Level 5:colcon.colcon_core.verb:set package 'pa_warehouse_status' build argument 'catkin_skip_building_tests' from command line to 'False'
[0.260s] DEBUG:colcon.colcon_core.verb:Building package 'pa_warehouse_status' with the following arguments: {'ament_cmake_args': None, 'build_base': '/home/aidan/workspace/irs_ws/build/pa_warehouse_status', 'catkin_cmake_args': None, 'catkin_skip_building_tests': False, 'cmake_args': None, 'cmake_clean_cache': False, 'cmake_clean_first': False, 'cmake_force_configure': False, 'cmake_target': None, 'cmake_target_skip_unavailable': False, 'install_base': '/home/aidan/workspace/irs_ws/install/pa_warehouse_status', 'merge_install': False, 'path': '/home/aidan/workspace/irs_ws/src/IRS_2026_group5/pa_warehouse_status', 'symlink_install': False, 'test_result_base': None}
[0.260s] INFO:colcon.colcon_core.executor:Executing jobs using 'parallel' executor
[0.261s] DEBUG:colcon.colcon_parallel_executor.executor.parallel:run_until_complete
[0.261s] INFO:colcon.colcon_ros.task.ament_python.build:Building ROS package in '/home/aidan/workspace/irs_ws/src/IRS_2026_group5/pa_warehouse_status' with build type 'ament_python'
[0.261s] Level 1:colcon.colcon_core.shell:create_environment_hook('pa_warehouse_status', 'ament_prefix_path')
[0.263s] INFO:colcon.colcon_core.plugin_system:Skipping extension 'colcon_core.shell.bat': Not used on non-Windows systems
[0.263s] INFO:colcon.colcon_core.shell:Creating environment descriptor '/home/aidan/workspace/irs_ws/install/pa_warehouse_status/share/pa_warehouse_status/hook/ament_prefix_path.dsv'
[0.266s] INFO:colcon.colcon_core.shell:Creating environment hook '/home/aidan/workspace/irs_ws/install/pa_warehouse_status/share/pa_warehouse_status/hook/ament_prefix_path.sh'
[0.267s] DEBUG:colcon.colcon_core.shell:Skip shell extension 'dsv' for command environment
[0.492s] INFO:colcon.colcon_core.task.python.build:Building Python package in '/home/aidan/workspace/irs_ws/src/IRS_2026_group5/pa_warehouse_status'
[0.492s] DEBUG:colcon.colcon_core.shell:Skip shell extension 'dsv' for command environment
[1.377s] DEBUG:colcon.colcon_core.task.python.build:Available setuptools commands: build_scripts, clean, install_lib, upload, setopt, extract_messages, build, build_ext, symlink_data, dist_info, bdist, upload_docs, build_clib, bdist_dumb, install_data, compile_catalog, sdist, bdist_rpm, develop, saveopts, init_catalog, check, build_py, alias, install_headers, rotate, register, easy_install, editable_wheel, install_scripts, egg_info, bdist_egg, install, update_catalog, test, install_egg_info
[1.385s] DEBUG:colcon.colcon_core.event_handler.log_command:Invoking command in '/home/aidan/workspace/irs_ws/src/IRS_2026_group5/pa_warehouse_status': PYTHONPATH=/home/aidan/workspace/irs_ws/build/pa_warehouse_status/prefix_override:/usr/lib/python3/dist-packages/colcon_core/task/python/colcon_distutils_commands:/home/aidan/workspace/irs_ws/install/pa_warehouse_status/lib/python3.12/site-packages:${PYTHONPATH} /usr/bin/python3 -W ignore:setup.py install is deprecated -W ignore:easy_install command is deprecated setup.py egg_info --egg-base ../../../build/pa_warehouse_status build --build-base /home/aidan/workspace/irs_ws/build/pa_warehouse_status/build install --record /home/aidan/workspace/irs_ws/build/pa_warehouse_status/install.log --install-scripts $base/lib/pa_warehouse_status --single-version-externally-managed install_data
[1.975s] DEBUG:colcon.colcon_core.event_handler.log_command:Invoked command in '/home/aidan/workspace/irs_ws/src/IRS_2026_group5/pa_warehouse_status' returned '0': PYTHONPATH=/home/aidan/workspace/irs_ws/build/pa_warehouse_status/prefix_override:/usr/lib/python3/dist-packages/colcon_core/task/python/colcon_distutils_commands:/home/aidan/workspace/irs_ws/install/pa_warehouse_status/lib/python3.12/site-packages:${PYTHONPATH} /usr/bin/python3 -W ignore:setup.py install is deprecated -W ignore:easy_install command is deprecated setup.py egg_info --egg-base ../../../build/pa_warehouse_status build --build-base /home/aidan/workspace/irs_ws/build/pa_warehouse_status/build install --record /home/aidan/workspace/irs_ws/build/pa_warehouse_status/install.log --install-scripts $base/lib/pa_warehouse_status --single-version-externally-managed install_data
[1.977s] Level 1:colcon.colcon_core.environment:checking '/home/aidan/workspace/irs_ws/install/pa_warehouse_status' for CMake module files
[1.977s] Level 1:colcon.colcon_core.environment:checking '/home/aidan/workspace/irs_ws/install/pa_warehouse_status' for CMake config files
[1.977s] Level 1:colcon.colcon_core.environment:checking '/home/aidan/workspace/irs_ws/install/pa_warehouse_status/lib'
[1.978s] Level 1:colcon.colcon_core.environment:checking '/home/aidan/workspace/irs_ws/install/pa_warehouse_status/bin'
[1.978s] Level 1:colcon.colcon_core.environment:checking '/home/aidan/workspace/irs_ws/install/pa_warehouse_status/lib/pkgconfig/pa_warehouse_status.pc'
[1.978s] Level 1:colcon.colcon_core.environment:checking '/home/aidan/workspace/irs_ws/install/pa_warehouse_status/lib/python3.12/site-packages'
[1.978s] Level 1:colcon.colcon_core.shell:create_environment_hook('pa_warehouse_status', 'pythonpath')
[1.978s] INFO:colcon.colcon_core.shell:Creating environment descriptor '/home/aidan/workspace/irs_ws/install/pa_warehouse_status/share/pa_warehouse_status/hook/pythonpath.dsv'
[1.978s] INFO:colcon.colcon_core.shell:Creating environment hook '/home/aidan/workspace/irs_ws/install/pa_warehouse_status/share/pa_warehouse_status/hook/pythonpath.sh'
[1.979s] Level 1:colcon.colcon_core.environment:checking '/home/aidan/workspace/irs_ws/install/pa_warehouse_status/bin'
[1.979s] Level 1:colcon.colcon_core.environment:create_environment_scripts_only(pa_warehouse_status)
[1.979s] INFO:colcon.colcon_core.shell:Creating package descriptor '/home/aidan/workspace/irs_ws/install/pa_warehouse_status/share/pa_warehouse_status/package.dsv'
[1.979s] INFO:colcon.colcon_core.shell:Creating package script '/home/aidan/workspace/irs_ws/install/pa_warehouse_status/share/pa_warehouse_status/package.sh'
[1.980s] INFO:colcon.colcon_core.shell:Creating package script '/home/aidan/workspace/irs_ws/install/pa_warehouse_status/share/pa_warehouse_status/package.bash'
[1.980s] INFO:colcon.colcon_core.shell:Creating package script '/home/aidan/workspace/irs_ws/install/pa_warehouse_status/share/pa_warehouse_status/package.zsh'
[1.981s] Level 1:colcon.colcon_core.environment:create_file_with_runtime_dependencies(/home/aidan/workspace/irs_ws/install/pa_warehouse_status/share/colcon-core/packages/pa_warehouse_status)
[1.982s] DEBUG:colcon.colcon_parallel_executor.executor.parallel:closing loop
[1.983s] DEBUG:colcon.colcon_parallel_executor.executor.parallel:loop closed
[1.983s] DEBUG:colcon.colcon_parallel_executor.executor.parallel:run_until_complete finished with '0'
[1.983s] DEBUG:colcon.colcon_core.event_reactor:joining thread
[2.039s] INFO:colcon.colcon_core.plugin_system:Skipping extension 'colcon_notification.desktop_notification.notify_send': Could not find 'notify-send'
[2.039s] INFO:colcon.colcon_core.plugin_system:Skipping extension 'colcon_notification.desktop_notification.terminal_notifier': Not used on non-Darwin systems
[2.039s] INFO:colcon.colcon_core.plugin_system:Skipping extension 'colcon_notification.desktop_notification.win32': Not used on non-Windows systems
[2.039s] INFO:colcon.colcon_notification.desktop_notification:Sending desktop notification using 'notify2'
[2.084s] DEBUG:colcon.colcon_notification.desktop_notification.notify2:Failed to initialize notify2: org.freedesktop.DBus.Error.ServiceUnknown: The name org.freedesktop.Notifications was not provided by any .service files
[2.085s] DEBUG:colcon.colcon_core.event_reactor:joined thread
[2.085s] INFO:colcon.colcon_core.shell:Creating prefix script '/home/aidan/workspace/irs_ws/install/local_setup.sh'
[2.086s] INFO:colcon.colcon_core.shell:Creating prefix util module '/home/aidan/workspace/irs_ws/install/_local_setup_util_sh.py'
[2.087s] INFO:colcon.colcon_core.shell:Creating prefix chain script '/home/aidan/workspace/irs_ws/install/setup.sh'
[2.088s] INFO:colcon.colcon_core.shell:Creating prefix script '/home/aidan/workspace/irs_ws/install/local_setup.bash'
[2.088s] INFO:colcon.colcon_core.shell:Creating prefix chain script '/home/aidan/workspace/irs_ws/install/setup.bash'
[2.090s] INFO:colcon.colcon_core.shell:Creating prefix script '/home/aidan/workspace/irs_ws/install/local_setup.zsh'
[2.090s] INFO:colcon.colcon_core.shell:Creating prefix chain script '/home/aidan/workspace/irs_ws/install/setup.zsh'
