running egg_info
writing ../../../build/pa_warehouse_status/pa_warehouse_status.egg-info/PKG-INFO
writing dependency_links to ../../../build/pa_warehouse_status/pa_warehouse_status.egg-info/dependency_links.txt
writing entry points to ../../../build/pa_warehouse_status/pa_warehouse_status.egg-info/entry_points.txt
writing requirements to ../../../build/pa_warehouse_status/pa_warehouse_status.egg-info/requires.txt
writing top-level names to ../../../build/pa_warehouse_status/pa_warehouse_status.egg-info/top_level.txt
reading manifest file '../../../build/pa_warehouse_status/pa_warehouse_status.egg-info/SOURCES.txt'
adding license file 'LICENSE'
writing manifest file '../../../build/pa_warehouse_status/pa_warehouse_status.egg-info/SOURCES.txt'
running build
running build_py
running install
running install_lib
running install_data
running install_egg_info
removing '/home/aidan/workspace/irs_ws/install/pa_warehouse_status/lib/python3.12/site-packages/pa_warehouse_status-0.0.0-py3.12.egg-info' (and everything under it)
Copying ../../../build/pa_warehouse_status/pa_warehouse_status.egg-info to /home/aidan/workspace/irs_ws/install/pa_warehouse_status/lib/python3.12/site-packages/pa_warehouse_status-0.0.0-py3.12.egg-info
running install_scripts
Installing pineapple_gossip_bot script to /home/aidan/workspace/irs_ws/install/pa_warehouse_status/lib/pa_warehouse_status
writing list of installed files to '/home/aidan/workspace/irs_ws/build/pa_warehouse_status/install.log'
