[0.834s] Invoking command in '/home/aidan/workspace/irs_ws/src/IRS_2026_group5/pa_warehouse_status': PYTHONPATH=/home/aidan/workspace/irs_ws/build/pa_warehouse_status/prefix_override:/usr/lib/python3/dist-packages/colcon_core/task/python/colcon_distutils_commands:/home/aidan/workspace/irs_ws/install/pa_warehouse_status/lib/python3.12/site-packages:${PYTHONPATH} /usr/bin/python3 -W ignore:setup.py install is deprecated -W ignore:easy_install command is deprecated setup.py egg_info --egg-base ../../../build/pa_warehouse_status build --build-base /home/aidan/workspace/irs_ws/build/pa_warehouse_status/build install --record /home/aidan/workspace/irs_ws/build/pa_warehouse_status/install.log --install-scripts $base/lib/pa_warehouse_status --single-version-externally-managed install_data
[1.118s] running egg_info
[1.135s] writing ../../../build/pa_warehouse_status/pa_warehouse_status.egg-info/PKG-INFO
[1.135s] writing dependency_links to ../../../build/pa_warehouse_status/pa_warehouse_status.egg-info/dependency_links.txt
[1.135s] writing entry points to ../../../build/pa_warehouse_status/pa_warehouse_status.egg-info/entry_points.txt
[1.136s] writing requirements to ../../../build/pa_warehouse_status/pa_warehouse_status.egg-info/requires.txt
[1.136s] writing top-level names to ../../../build/pa_warehouse_status/pa_warehouse_status.egg-info/top_level.txt
[1.171s] reading manifest file '../../../build/pa_warehouse_status/pa_warehouse_status.egg-info/SOURCES.txt'
[1.171s] adding license file 'LICENSE'
[1.172s] writing manifest file '../../../build/pa_warehouse_status/pa_warehouse_status.egg-info/SOURCES.txt'
[1.172s] running build
[1.172s] running build_py
[1.172s] running install
[1.177s] running install_lib
[1.197s] running install_data
[1.197s] running install_egg_info
[1.222s] removing '/home/aidan/workspace/irs_ws/install/pa_warehouse_status/lib/python3.12/site-packages/pa_warehouse_status-0.0.0-py3.12.egg-info' (and everything under it)
[1.223s] Copying ../../../build/pa_warehouse_status/pa_warehouse_status.egg-info to /home/aidan/workspace/irs_ws/install/pa_warehouse_status/lib/python3.12/site-packages/pa_warehouse_status-0.0.0-py3.12.egg-info
[1.225s] running install_scripts
[1.387s] Installing pineapple_gossip_bot script to /home/aidan/workspace/irs_ws/install/pa_warehouse_status/lib/pa_warehouse_status
[1.387s] writing list of installed files to '/home/aidan/workspace/irs_ws/build/pa_warehouse_status/install.log'
[1.413s] Invoked command in '/home/aidan/workspace/irs_ws/src/IRS_2026_group5/pa_warehouse_status' returned '0': PYTHONPATH=/home/aidan/workspace/irs_ws/build/pa_warehouse_status/prefix_override:/usr/lib/python3/dist-packages/colcon_core/task/python/colcon_distutils_commands:/home/aidan/workspace/irs_ws/install/pa_warehouse_status/lib/python3.12/site-packages:${PYTHONPATH} /usr/bin/python3 -W ignore:setup.py install is deprecated -W ignore:easy_install command is deprecated setup.py egg_info --egg-base ../../../build/pa_warehouse_status build --build-base /home/aidan/workspace/irs_ws/build/pa_warehouse_status/build install --record /home/aidan/workspace/irs_ws/build/pa_warehouse_status/install.log --install-scripts $base/lib/pa_warehouse_status --single-version-externally-managed install_data
